                     ▲ BLOCKED BY (must complete first) ▲                     
                            ╭────────────────────╮                            
                            │       🔵 n6        │                            
                            │         n6         │                            
                            ╰────────────────────╯                            
                                      │                                       
                                      │                                       
                                      ▼                                       
                  ╔═══════════════════════════════════════╗                   
                  ║              🔵 ⚡ 📝 n5              ║                   
                  ║                  n5                   ║                   
                  ║                ⬆1  ⬇1                 ║                   
                  ╚═══════════════════════════════════════╝                   
                                      │                                       
                                      │                                       
                                      ▼                                       
                            ╭────────────────────╮                            
                            │       🔵 n4        │                            
                            │         n4         │                            
                            ╰────────────────────╯                            
                         ▼ BLOCKS (waiting on this) ▼                         

  📊 GRAPH METRICS                                                        
──────────────────────────────────────────────────────────────────────────
 Importance 
  Critical Path      6.00 ███░░░ #5
  PageRank         0.1143 ████░░ #5
  Eigenvector      0.0000 ░░░░░░ #7

 Flow & Connectivity 
  Betweenness       20.00 ██████ #2
  Hub Score        0.3333 ██████ #6
  Authority        0.3333 ██████ #5

 Connections 
  In-Degree             1 ██████ #5
  Out-Degree            1 ██████ #6

█ relative score │ #N rank of 10 issues                                   

j/k: navigate • enter: view details • g: back to list