                     ▲ BLOCKED BY (must complete first) ▲                     
                 ╭────────────────────╮╭────────────────────╮                 
                 │     🔵 task-12     ││     🔵 task-13     │                 
                 │      task-12       ││      task-13       │                 
                 ╰────────────────────╯╰────────────────────╯                 
                                      │                                       
                                    ├─┼─┤                                     
                                      ▼                                       
                  ╔═══════════════════════════════════════╗                   
                  ║           🔵 ⚡ 📝 task-14            ║                   
                  ║                task-14                ║                   
                  ║                ⬆2  ⬇1                 ║                   
                  ╚═══════════════════════════════════════╝                   
                                      │                                       
                                      │                                       
                                      ▼                                       
                            ╭────────────────────╮                            
                            │     🔵 task-16     │                            
                            │      task-16       │                            
                            ╰────────────────────╯                            
                         ▼ BLOCKS (waiting on this) ▼                         

  📊 GRAPH METRICS                                                        
──────────────────────────────────────────────────────────────────────────
 Importance 
  Critical Path      4.00 ███░░░ #10
  PageRank         0.0358 ░░░░░░ #10
  Eigenvector      0.0000 ░░░░░░ #8

 Flow & Connectivity 
  Betweenness       11.60 ████░░ #3
  Hub Score        0.0000 ░░░░░░ #11
  Authority        0.0000 ░░░░░░ #15

 Connections 
  In-Degree             1 █░░░░░ #11
  Out-Degree            2 ██████ #2

█ relative score │ #N rank of 20 issues                                   

j/k: navigate • enter: view details • g: back to list