                  ╔═══════════════════════════════════════╗                   
                  ║              🔵 ⚡ 📝 n0              ║                   
                  ║                  n0                   ║                   
                  ║                ⬆0  ⬇9                 ║                   
                  ╚═══════════════════════════════════════╝                   
                                      │                                       
                                  ├─┼─┼─┼─┤                                   
                                      ▼                                       
╭──────────────╮╭──────────────╮╭──────────────╮╭──────────────╮╭─────────────
                                  ─╮                                          
  │    🔵 n1     ││    🔵 n2     ││    🔵 n3     ││    🔵 n4     ││    🔵 n5  
                                   │+4 more                                   
╰──────────────╯╰──────────────╯╰──────────────╯╰──────────────╯╰─────────────
                                  ─╯                                          
                         ▼ BLOCKS (waiting on this) ▼                         

  📊 GRAPH METRICS                                                        
──────────────────────────────────────────────────────────────────────────
 Importance 
  Critical Path      2.00 ██████ #1
  PageRank         0.4901 ██████ #1
  Eigenvector        1.00 ██████ #1

 Flow & Connectivity 
  Betweenness      0.0000 ░░░░░░ #10
  Hub Score        0.0000 ░░░░░░ #10
  Authority          1.00 ██████ #1

 Connections 
  In-Degree             9 ██████ #1
  Out-Degree            0 ░░░░░░ #10

█ relative score │ #N rank of 10 issues                                   

j/k: navigate • enter: view details • g: back to list